Tres
Tres
Tres
Tres
Tres
Tres
Tres
Tres
Tres
Tres
