Dois
Dois
Dois
Dois
Dois
Dois
Dois
Dois
Dois
Dois
